Archive member included because of file (symbol)

C:\Users\arun.sam\Downloads\Plymouth\Project files\LIB\lib\libdynamixel.a(dynamixel.o)
                              Button.o (dxl_get_result)
C:\Users\arun.sam\Downloads\Plymouth\Project files\LIB\lib\libdynamixel.a(dxl_hal.o)
                              C:\Users\arun.sam\Downloads\Plymouth\Project files\LIB\lib\libdynamixel.a(dynamixel.o) (dxl_hal_open)
C:\Users\arun.sam\Downloads\Plymouth\Project files\LIB\lib\libserial.a(serial.o)
                              Button.o (serial_initialize)
c:/winavr-20100110/bin/../lib/gcc/avr/4.3.3/avr6\libgcc.a(_exit.o)
                              c:/winavr-20100110/bin/../lib/gcc/avr/4.3.3/../../../../avr/lib/avr6/crtm2561.o (exit)
c:/winavr-20100110/bin/../lib/gcc/avr/4.3.3/avr6\libgcc.a(_clear_bss.o)
                              C:\Users\arun.sam\Downloads\Plymouth\Project files\LIB\lib\libdynamixel.a(dynamixel.o) (__do_clear_bss)
c:/winavr-20100110/bin/../lib/gcc/avr/4.3.3/avr6\libgcc.a(_fixunssfsi.o)
                              C:\Users\arun.sam\Downloads\Plymouth\Project files\LIB\lib\libdynamixel.a(dxl_hal.o) (__fixunssfsi)
c:/winavr-20100110/bin/../lib/gcc/avr/4.3.3/avr6\libgcc.a(_addsub_sf.o)
                              c:/winavr-20100110/bin/../lib/gcc/avr/4.3.3/avr6\libgcc.a(_fixunssfsi.o) (__subsf3)
c:/winavr-20100110/bin/../lib/gcc/avr/4.3.3/avr6\libgcc.a(_mul_sf.o)
                              C:\Users\arun.sam\Downloads\Plymouth\Project files\LIB\lib\libdynamixel.a(dxl_hal.o) (__mulsf3)
c:/winavr-20100110/bin/../lib/gcc/avr/4.3.3/avr6\libgcc.a(_div_sf.o)
                              C:\Users\arun.sam\Downloads\Plymouth\Project files\LIB\lib\libdynamixel.a(dynamixel.o) (__divsf3)
c:/winavr-20100110/bin/../lib/gcc/avr/4.3.3/avr6\libgcc.a(_gt_sf.o)
                              C:\Users\arun.sam\Downloads\Plymouth\Project files\LIB\lib\libdynamixel.a(dxl_hal.o) (__gtsf2)
c:/winavr-20100110/bin/../lib/gcc/avr/4.3.3/avr6\libgcc.a(_ge_sf.o)
                              c:/winavr-20100110/bin/../lib/gcc/avr/4.3.3/avr6\libgcc.a(_fixunssfsi.o) (__gesf2)
c:/winavr-20100110/bin/../lib/gcc/avr/4.3.3/avr6\libgcc.a(_lt_sf.o)
                              C:\Users\arun.sam\Downloads\Plymouth\Project files\LIB\lib\libdynamixel.a(dxl_hal.o) (__ltsf2)
c:/winavr-20100110/bin/../lib/gcc/avr/4.3.3/avr6\libgcc.a(_si_to_sf.o)
                              C:\Users\arun.sam\Downloads\Plymouth\Project files\LIB\lib\libdynamixel.a(dynamixel.o) (__floatsisf)
c:/winavr-20100110/bin/../lib/gcc/avr/4.3.3/avr6\libgcc.a(_sf_to_si.o)
                              c:/winavr-20100110/bin/../lib/gcc/avr/4.3.3/avr6\libgcc.a(_fixunssfsi.o) (__fixsfsi)
c:/winavr-20100110/bin/../lib/gcc/avr/4.3.3/avr6\libgcc.a(_thenan_sf.o)
                              c:/winavr-20100110/bin/../lib/gcc/avr/4.3.3/avr6\libgcc.a(_addsub_sf.o) (__thenan_sf)
c:/winavr-20100110/bin/../lib/gcc/avr/4.3.3/avr6\libgcc.a(_prologue.o)
                              c:/winavr-20100110/bin/../lib/gcc/avr/4.3.3/avr6\libgcc.a(_addsub_sf.o) (__prologue_saves__)
c:/winavr-20100110/bin/../lib/gcc/avr/4.3.3/avr6\libgcc.a(_epilogue.o)
                              c:/winavr-20100110/bin/../lib/gcc/avr/4.3.3/avr6\libgcc.a(_addsub_sf.o) (__epilogue_restores__)
c:/winavr-20100110/bin/../lib/gcc/avr/4.3.3/avr6\libgcc.a(_clzsi2.o)
                              c:/winavr-20100110/bin/../lib/gcc/avr/4.3.3/avr6\libgcc.a(_si_to_sf.o) (__clzsi2)
c:/winavr-20100110/bin/../lib/gcc/avr/4.3.3/avr6\libgcc.a(_pack_sf.o)
                              c:/winavr-20100110/bin/../lib/gcc/avr/4.3.3/avr6\libgcc.a(_addsub_sf.o) (__pack_f)
c:/winavr-20100110/bin/../lib/gcc/avr/4.3.3/avr6\libgcc.a(_unpack_sf.o)
                              c:/winavr-20100110/bin/../lib/gcc/avr/4.3.3/avr6\libgcc.a(_addsub_sf.o) (__unpack_f)
c:/winavr-20100110/bin/../lib/gcc/avr/4.3.3/avr6\libgcc.a(_fpcmp_parts_sf.o)
                              c:/winavr-20100110/bin/../lib/gcc/avr/4.3.3/avr6\libgcc.a(_gt_sf.o) (__fpcmp_parts_f)
c:/winavr-20100110/bin/../lib/gcc/avr/4.3.3/avr6\libgcc.a(_clz.o)
                              c:/winavr-20100110/bin/../lib/gcc/avr/4.3.3/avr6\libgcc.a(_clzsi2.o) (__clz_tab)
c:/winavr-20100110/bin/../lib/gcc/avr/4.3.3/../../../../avr/lib/avr6\libc.a(fdevopen.o)
                              C:\Users\arun.sam\Downloads\Plymouth\Project files\LIB\lib\libserial.a(serial.o) (fdevopen)
c:/winavr-20100110/bin/../lib/gcc/avr/4.3.3/../../../../avr/lib/avr6\libc.a(iob.o)
                              c:/winavr-20100110/bin/../lib/gcc/avr/4.3.3/../../../../avr/lib/avr6\libc.a(fdevopen.o) (__iob)
c:/winavr-20100110/bin/../lib/gcc/avr/4.3.3/../../../../avr/lib/avr6\libc.a(calloc.o)
                              c:/winavr-20100110/bin/../lib/gcc/avr/4.3.3/../../../../avr/lib/avr6\libc.a(fdevopen.o) (calloc)
c:/winavr-20100110/bin/../lib/gcc/avr/4.3.3/../../../../avr/lib/avr6\libc.a(malloc.o)
                              c:/winavr-20100110/bin/../lib/gcc/avr/4.3.3/../../../../avr/lib/avr6\libc.a(calloc.o) (malloc)
c:/winavr-20100110/bin/../lib/gcc/avr/4.3.3/../../../../avr/lib/avr6\libc.a(memset.o)
                              c:/winavr-20100110/bin/../lib/gcc/avr/4.3.3/../../../../avr/lib/avr6\libc.a(calloc.o) (memset)

Allocating common symbols
Common symbol       size              file

gwReturnDelayCountNum
                    0x2               C:\Users\arun.sam\Downloads\Plymouth\Project files\LIB\lib\libdynamixel.a(dxl_hal.o)
__brkval            0x2               c:/winavr-20100110/bin/../lib/gcc/avr/4.3.3/../../../../avr/lib/avr6\libc.a(malloc.o)
gfByteTransTime_us  0x4               C:\Users\arun.sam\Downloads\Plymouth\Project files\LIB\lib\libdynamixel.a(dxl_hal.o)
gwTimeoutCountNum   0x2               C:\Users\arun.sam\Downloads\Plymouth\Project files\LIB\lib\libdynamixel.a(dxl_hal.o)
gwCountNum          0x2               C:\Users\arun.sam\Downloads\Plymouth\Project files\LIB\lib\libdynamixel.a(dxl_hal.o)
__flp               0x2               c:/winavr-20100110/bin/../lib/gcc/avr/4.3.3/../../../../avr/lib/avr6\libc.a(malloc.o)
__iob               0x6               c:/winavr-20100110/bin/../lib/gcc/avr/4.3.3/../../../../avr/lib/avr6\libc.a(iob.o)

Discarded input sections

 .data          0x00000000        0x0 c:/winavr-20100110/bin/../lib/gcc/avr/4.3.3/../../../../avr/lib/avr6/crtm2561.o
 .bss           0x00000000        0x0 c:/winavr-20100110/bin/../lib/gcc/avr/4.3.3/../../../../avr/lib/avr6/crtm2561.o
 .text          0x00000000        0x0 Button.o
 .bss           0x00000000        0x0 Button.o
 .data          0x00000000        0x0 C:\Users\arun.sam\Downloads\Plymouth\Project files\LIB\lib\libdynamixel.a(dxl_hal.o)
 .data          0x00000000        0x0 C:\Users\arun.sam\Downloads\Plymouth\Project files\LIB\lib\libserial.a(serial.o)
 .text          0x00000000        0x0 c:/winavr-20100110/bin/../lib/gcc/avr/4.3.3/avr6\libgcc.a(_exit.o)
 .data          0x00000000        0x0 c:/winavr-20100110/bin/../lib/gcc/avr/4.3.3/avr6\libgcc.a(_exit.o)
 .bss           0x00000000        0x0 c:/winavr-20100110/bin/../lib/gcc/avr/4.3.3/avr6\libgcc.a(_exit.o)
 .text.libgcc   0x00000000        0x0 c:/winavr-20100110/bin/../lib/gcc/avr/4.3.3/avr6\libgcc.a(_exit.o)
 .text          0x00000000        0x0 c:/winavr-20100110/bin/../lib/gcc/avr/4.3.3/avr6\libgcc.a(_clear_bss.o)
 .data          0x00000000        0x0 c:/winavr-20100110/bin/../lib/gcc/avr/4.3.3/avr6\libgcc.a(_clear_bss.o)
 .bss           0x00000000        0x0 c:/winavr-20100110/bin/../lib/gcc/avr/4.3.3/avr6\libgcc.a(_clear_bss.o)
 .text.libgcc   0x00000000        0x0 c:/winavr-20100110/bin/../lib/gcc/avr/4.3.3/avr6\libgcc.a(_clear_bss.o)
 .data          0x00000000        0x0 c:/winavr-20100110/bin/../lib/gcc/avr/4.3.3/avr6\libgcc.a(_fixunssfsi.o)
 .bss           0x00000000        0x0 c:/winavr-20100110/bin/../lib/gcc/avr/4.3.3/avr6\libgcc.a(_fixunssfsi.o)
 .data          0x00000000        0x0 c:/winavr-20100110/bin/../lib/gcc/avr/4.3.3/avr6\libgcc.a(_addsub_sf.o)
 .bss           0x00000000        0x0 c:/winavr-20100110/bin/../lib/gcc/avr/4.3.3/avr6\libgcc.a(_addsub_sf.o)
 .data          0x00000000        0x0 c:/winavr-20100110/bin/../lib/gcc/avr/4.3.3/avr6\libgcc.a(_mul_sf.o)
 .bss           0x00000000        0x0 c:/winavr-20100110/bin/../lib/gcc/avr/4.3.3/avr6\libgcc.a(_mul_sf.o)
 .data          0x00000000        0x0 c:/winavr-20100110/bin/../lib/gcc/avr/4.3.3/avr6\libgcc.a(_div_sf.o)
 .bss           0x00000000        0x0 c:/winavr-20100110/bin/../lib/gcc/avr/4.3.3/avr6\libgcc.a(_div_sf.o)
 .data          0x00000000        0x0 c:/winavr-20100110/bin/../lib/gcc/avr/4.3.3/avr6\libgcc.a(_gt_sf.o)
 .bss           0x00000000        0x0 c:/winavr-20100110/bin/../lib/gcc/avr/4.3.3/avr6\libgcc.a(_gt_sf.o)
 .data          0x00000000        0x0 c:/winavr-20100110/bin/../lib/gcc/avr/4.3.3/avr6\libgcc.a(_ge_sf.o)
 .bss           0x00000000        0x0 c:/winavr-20100110/bin/../lib/gcc/avr/4.3.3/avr6\libgcc.a(_ge_sf.o)
 .data          0x00000000        0x0 c:/winavr-20100110/bin/../lib/gcc/avr/4.3.3/avr6\libgcc.a(_lt_sf.o)
 .bss           0x00000000        0x0 c:/winavr-20100110/bin/../lib/gcc/avr/4.3.3/avr6\libgcc.a(_lt_sf.o)
 .data          0x00000000        0x0 c:/winavr-20100110/bin/../lib/gcc/avr/4.3.3/avr6\libgcc.a(_si_to_sf.o)
 .bss           0x00000000        0x0 c:/winavr-20100110/bin/../lib/gcc/avr/4.3.3/avr6\libgcc.a(_si_to_sf.o)
 .data          0x00000000        0x0 c:/winavr-20100110/bin/../lib/gcc/avr/4.3.3/avr6\libgcc.a(_sf_to_si.o)
 .bss           0x00000000        0x0 c:/winavr-20100110/bin/../lib/gcc/avr/4.3.3/avr6\libgcc.a(_sf_to_si.o)
 .text          0x00000000        0x0 c:/winavr-20100110/bin/../lib/gcc/avr/4.3.3/avr6\libgcc.a(_thenan_sf.o)
 .bss           0x00000000        0x0 c:/winavr-20100110/bin/../lib/gcc/avr/4.3.3/avr6\libgcc.a(_thenan_sf.o)
 .text          0x00000000        0x0 c:/winavr-20100110/bin/../lib/gcc/avr/4.3.3/avr6\libgcc.a(_prologue.o)
 .data          0x00000000        0x0 c:/winavr-20100110/bin/../lib/gcc/avr/4.3.3/avr6\libgcc.a(_prologue.o)
 .bss           0x00000000        0x0 c:/winavr-20100110/bin/../lib/gcc/avr/4.3.3/avr6\libgcc.a(_prologue.o)
 .text          0x00000000        0x0 c:/winavr-20100110/bin/../lib/gcc/avr/4.3.3/avr6\libgcc.a(_epilogue.o)
 .data          0x00000000        0x0 c:/winavr-20100110/bin/../lib/gcc/avr/4.3.3/avr6\libgcc.a(_epilogue.o)
 .bss           0x00000000        0x0 c:/winavr-20100110/bin/../lib/gcc/avr/4.3.3/avr6\libgcc.a(_epilogue.o)
 .data          0x00000000        0x0 c:/winavr-20100110/bin/../lib/gcc/avr/4.3.3/avr6\libgcc.a(_clzsi2.o)
 .bss           0x00000000        0x0 c:/winavr-20100110/bin/../lib/gcc/avr/4.3.3/avr6\libgcc.a(_clzsi2.o)
 .data          0x00000000        0x0 c:/winavr-20100110/bin/../lib/gcc/avr/4.3.3/avr6\libgcc.a(_pack_sf.o)
 .bss           0x00000000        0x0 c:/winavr-20100110/bin/../lib/gcc/avr/4.3.3/avr6\libgcc.a(_pack_sf.o)
 .data          0x00000000        0x0 c:/winavr-20100110/bin/../lib/gcc/avr/4.3.3/avr6\libgcc.a(_unpack_sf.o)
 .bss           0x00000000        0x0 c:/winavr-20100110/bin/../lib/gcc/avr/4.3.3/avr6\libgcc.a(_unpack_sf.o)
 .data          0x00000000        0x0 c:/winavr-20100110/bin/../lib/gcc/avr/4.3.3/avr6\libgcc.a(_fpcmp_parts_sf.o)
 .bss           0x00000000        0x0 c:/winavr-20100110/bin/../lib/gcc/avr/4.3.3/avr6\libgcc.a(_fpcmp_parts_sf.o)
 .text          0x00000000        0x0 c:/winavr-20100110/bin/../lib/gcc/avr/4.3.3/avr6\libgcc.a(_clz.o)
 .bss           0x00000000        0x0 c:/winavr-20100110/bin/../lib/gcc/avr/4.3.3/avr6\libgcc.a(_clz.o)
 .text          0x00000000        0x0 c:/winavr-20100110/bin/../lib/gcc/avr/4.3.3/../../../../avr/lib/avr6\libc.a(fdevopen.o)
 .data          0x00000000        0x0 c:/winavr-20100110/bin/../lib/gcc/avr/4.3.3/../../../../avr/lib/avr6\libc.a(fdevopen.o)
 .bss           0x00000000        0x0 c:/winavr-20100110/bin/../lib/gcc/avr/4.3.3/../../../../avr/lib/avr6\libc.a(fdevopen.o)
 .text          0x00000000        0x0 c:/winavr-20100110/bin/../lib/gcc/avr/4.3.3/../../../../avr/lib/avr6\libc.a(iob.o)
 .data          0x00000000        0x0 c:/winavr-20100110/bin/../lib/gcc/avr/4.3.3/../../../../avr/lib/avr6\libc.a(iob.o)
 .bss           0x00000000        0x0 c:/winavr-20100110/bin/../lib/gcc/avr/4.3.3/../../../../avr/lib/avr6\libc.a(iob.o)
 .text          0x00000000        0x0 c:/winavr-20100110/bin/../lib/gcc/avr/4.3.3/../../../../avr/lib/avr6\libc.a(calloc.o)
 .data          0x00000000        0x0 c:/winavr-20100110/bin/../lib/gcc/avr/4.3.3/../../../../avr/lib/avr6\libc.a(calloc.o)
 .bss           0x00000000        0x0 c:/winavr-20100110/bin/../lib/gcc/avr/4.3.3/../../../../avr/lib/avr6\libc.a(calloc.o)
 .text          0x00000000        0x0 c:/winavr-20100110/bin/../lib/gcc/avr/4.3.3/../../../../avr/lib/avr6\libc.a(malloc.o)
 .bss           0x00000000        0x0 c:/winavr-20100110/bin/../lib/gcc/avr/4.3.3/../../../../avr/lib/avr6\libc.a(malloc.o)
 .text          0x00000000        0x0 c:/winavr-20100110/bin/../lib/gcc/avr/4.3.3/../../../../avr/lib/avr6\libc.a(memset.o)
 .data          0x00000000        0x0 c:/winavr-20100110/bin/../lib/gcc/avr/4.3.3/../../../../avr/lib/avr6\libc.a(memset.o)
 .bss           0x00000000        0x0 c:/winavr-20100110/bin/../lib/gcc/avr/4.3.3/../../../../avr/lib/avr6\libc.a(memset.o)

Memory Configuration

Name             Origin             Length             Attributes
text             0x00000000         0x00100000         xr
data             0x00800200         0x0000fe00         rw !x
eeprom           0x00810000         0x00010000         rw !x
fuse             0x00820000         0x00000400         rw !x
lock             0x00830000         0x00000400         rw !x
signature        0x00840000         0x00000400         rw !x
*default*        0x00000000         0xffffffff

Linker script and memory map

Address of section .data set to 0x800200
LOAD c:/winavr-20100110/bin/../lib/gcc/avr/4.3.3/../../../../avr/lib/avr6/crtm2561.o
LOAD Button.o
START GROUP
LOAD C:\Users\arun.sam\Downloads\Plymouth\Project files\LIB\lib\libdynamixel.a
LOAD C:\Users\arun.sam\Downloads\Plymouth\Project files\LIB\lib\libserial.a
LOAD C:\Users\arun.sam\Downloads\Plymouth\Project files\LIB\lib\libzigbee.a
END GROUP
LOAD c:/winavr-20100110/bin/../lib/gcc/avr/4.3.3/avr6\libgcc.a
LOAD c:/winavr-20100110/bin/../lib/gcc/avr/4.3.3/../../../../avr/lib/avr6\libc.a
LOAD c:/winavr-20100110/bin/../lib/gcc/avr/4.3.3/avr6\libgcc.a

.hash
 *(.hash)

.dynsym
 *(.dynsym)

.dynstr
 *(.dynstr)

.gnu.version
 *(.gnu.version)

.gnu.version_d
 *(.gnu.version_d)

.gnu.version_r
 *(.gnu.version_r)

.rel.init
 *(.rel.init)

.rela.init
 *(.rela.init)

.rel.text
 *(.rel.text)
 *(.rel.text.*)
 *(.rel.gnu.linkonce.t*)

.rela.text
 *(.rela.text)
 *(.rela.text.*)
 *(.rela.gnu.linkonce.t*)

.rel.fini
 *(.rel.fini)

.rela.fini
 *(.rela.fini)

.rel.rodata
 *(.rel.rodata)
 *(.rel.rodata.*)
 *(.rel.gnu.linkonce.r*)

.rela.rodata
 *(.rela.rodata)
 *(.rela.rodata.*)
 *(.rela.gnu.linkonce.r*)

.rel.data
 *(.rel.data)
 *(.rel.data.*)
 *(.rel.gnu.linkonce.d*)

.rela.data
 *(.rela.data)
 *(.rela.data.*)
 *(.rela.gnu.linkonce.d*)

.rel.ctors
 *(.rel.ctors)

.rela.ctors
 *(.rela.ctors)

.rel.dtors
 *(.rel.dtors)

.rela.dtors
 *(.rela.dtors)

.rel.got
 *(.rel.got)

.rela.got
 *(.rela.got)

.rel.bss
 *(.rel.bss)

.rela.bss
 *(.rela.bss)

.rel.plt
 *(.rel.plt)

.rela.plt
 *(.rela.plt)

.text           0x00000000     0x1d6e
 *(.vectors)
 .vectors       0x00000000       0xcc c:/winavr-20100110/bin/../lib/gcc/avr/4.3.3/../../../../avr/lib/avr6/crtm2561.o
                0x00000000                __vectors
                0x00000000                __vector_default
 *(.vectors)
 *(.progmem.gcc*)
 *(.progmem*)
                0x000000cc                . = ALIGN (0x2)
                0x000000cc                __trampolines_start = .
 *(.trampolines)
 .trampolines   0x000000cc        0x0 linker stubs
 *(.trampolines*)
                0x000000cc                __trampolines_end = .
 *(.jumptables)
 *(.jumptables*)
 *(.lowtext)
 *(.lowtext*)
                0x000000cc                __ctors_start = .
 *(.ctors)
                0x000000cc                __ctors_end = .
                0x000000cc                __dtors_start = .
 *(.dtors)
                0x000000cc                __dtors_end = .
 SORT(*)(.ctors)
 SORT(*)(.dtors)
 *(.init0)
 .init0         0x000000cc        0x0 c:/winavr-20100110/bin/../lib/gcc/avr/4.3.3/../../../../avr/lib/avr6/crtm2561.o
                0x000000cc                __init
 *(.init0)
 *(.init1)
 *(.init1)
 *(.init2)
 .init2         0x000000cc       0x10 c:/winavr-20100110/bin/../lib/gcc/avr/4.3.3/../../../../avr/lib/avr6/crtm2561.o
 *(.init2)
 *(.init3)
 *(.init3)
 *(.init4)
 .init4         0x000000dc       0x1a c:/winavr-20100110/bin/../lib/gcc/avr/4.3.3/../../../../avr/lib/avr6/crtm2561.o
                0x000000dc                __do_copy_data
 .init4         0x000000f6       0x10 c:/winavr-20100110/bin/../lib/gcc/avr/4.3.3/avr6\libgcc.a(_clear_bss.o)
                0x000000f6                __do_clear_bss
 *(.init4)
 *(.init5)
 *(.init5)
 *(.init6)
 *(.init6)
 *(.init7)
 *(.init7)
 *(.init8)
 *(.init8)
 *(.init9)
 .init9         0x00000106        0x8 c:/winavr-20100110/bin/../lib/gcc/avr/4.3.3/../../../../avr/lib/avr6/crtm2561.o
 *(.init9)
 *(.text)
 .text          0x0000010e        0x4 c:/winavr-20100110/bin/../lib/gcc/avr/4.3.3/../../../../avr/lib/avr6/crtm2561.o
                0x0000010e                __vector_38
                0x0000010e                __vector_22
                0x0000010e                __vector_28
                0x0000010e                __vector_1
                0x0000010e                __vector_32
                0x0000010e                __vector_34
                0x0000010e                __vector_24
                0x0000010e                __vector_12
                0x0000010e                __vector_46
                0x0000010e                __bad_interrupt
                0x0000010e                __vector_6
                0x0000010e                __vector_31
                0x0000010e                __vector_35
                0x0000010e                __vector_39
                0x0000010e                __vector_3
                0x0000010e                __vector_23
                0x0000010e                __vector_30
                0x0000010e                __vector_45
                0x0000010e                __vector_11
                0x0000010e                __vector_13
                0x0000010e                __vector_17
                0x0000010e                __vector_19
                0x0000010e                __vector_7
                0x0000010e                __vector_49
                0x0000010e                __vector_41
                0x0000010e                __vector_43
                0x0000010e                __vector_27
                0x0000010e                __vector_5
                0x0000010e                __vector_33
                0x0000010e                __vector_47
                0x0000010e                __vector_37
                0x0000010e                __vector_4
                0x0000010e                __vector_44
                0x0000010e                __vector_9
                0x0000010e                __vector_2
                0x0000010e                __vector_21
                0x0000010e                __vector_15
                0x0000010e                __vector_29
                0x0000010e                __vector_40
                0x0000010e                __vector_8
                0x0000010e                __vector_26
                0x0000010e                __vector_48
                0x0000010e                __vector_14
                0x0000010e                __vector_10
                0x0000010e                __vector_50
                0x0000010e                __vector_16
                0x0000010e                __vector_18
                0x0000010e                __vector_20
                0x0000010e                __vector_42
 .text          0x00000112      0x454 C:\Users\arun.sam\Downloads\Plymouth\Project files\LIB\lib\libdynamixel.a(dynamixel.o)
                0x000004e0                dxl_ping
                0x00000138                dxl_get_rxpacket_error
                0x0000047c                dxl_write_byte
                0x0000017c                dxl_rx_packet
                0x00000132                dxl_set_txpacket_length
                0x00000112                dxl_get_result
                0x000004aa                dxl_read_byte
                0x00000312                dxl_tx_packet
                0x00000506                dxl_terminate
                0x00000122                dxl_set_txpacket_instruction
                0x0000014c                dxl_get_rxpacket_length
                0x00000408                dxl_write_word
                0x00000174                dxl_get_highbyte
                0x0000050c                dxl_initialize
                0x00000160                dxl_makeword
                0x0000016c                dxl_get_lowbyte
                0x00000154                dxl_get_rxpacket_parameter
                0x0000011c                dxl_set_txpacket_id
                0x0000043e                dxl_read_word
                0x000003e6                dxl_txrx_packet
                0x00000128                dxl_set_txpacket_parameter
 .text          0x00000566      0x3c2 C:\Users\arun.sam\Downloads\Plymouth\Project files\LIB\lib\libdynamixel.a(dxl_hal.o)
                0x00000618                dxl_hal_close
                0x00000842                dxl_hal_get_queue
                0x0000087a                dxl_hal_rx
                0x000008d4                __vector_25
                0x00000624                dxl_hal_tx
                0x0000061a                dxl_hal_clear
                0x00000566                dxl_hal_open
                0x0000080c                dxl_hal_put_queue
                0x000007c8                dxl_hal_get_qstate
                0x0000066c                dxl_hal_set_timeout
                0x0000068e                dxl_hal_timeout
 .text          0x00000928      0x342 C:\Users\arun.sam\Downloads\Plymouth\Project files\LIB\lib\libserial.a(serial.o)
                0x00000aa8                serial_get_queue
                0x00000b86                std_getchar
                0x00000c04                serial_initialize
                0x00000a40                serial_put_queue
                0x00000928                serial_write
                0x000009fc                serial_get_qstate
                0x00000b34                std_putchar
                0x00000ae0                __vector_36
                0x00000950                serial_read
 .text          0x00000c6a       0x58 c:/winavr-20100110/bin/../lib/gcc/avr/4.3.3/avr6\libgcc.a(_fixunssfsi.o)
                0x00000c6a                __fixunssfsi
 .text          0x00000cc2      0x354 c:/winavr-20100110/bin/../lib/gcc/avr/4.3.3/avr6\libgcc.a(_addsub_sf.o)
                0x00000f5a                __subsf3
                0x00000fbc                __addsf3
 .text          0x00001016      0x1f4 c:/winavr-20100110/bin/../lib/gcc/avr/4.3.3/avr6\libgcc.a(_mul_sf.o)
                0x00001016                __mulsf3
 .text          0x0000120a      0x158 c:/winavr-20100110/bin/../lib/gcc/avr/4.3.3/avr6\libgcc.a(_div_sf.o)
                0x0000120a                __divsf3
 .text          0x00001362       0x60 c:/winavr-20100110/bin/../lib/gcc/avr/4.3.3/avr6\libgcc.a(_gt_sf.o)
                0x00001362                __gtsf2
 .text          0x000013c2       0x60 c:/winavr-20100110/bin/../lib/gcc/avr/4.3.3/avr6\libgcc.a(_ge_sf.o)
                0x000013c2                __gesf2
 .text          0x00001422       0x60 c:/winavr-20100110/bin/../lib/gcc/avr/4.3.3/avr6\libgcc.a(_lt_sf.o)
                0x00001422                __ltsf2
 .text          0x00001482       0xbc c:/winavr-20100110/bin/../lib/gcc/avr/4.3.3/avr6\libgcc.a(_si_to_sf.o)
                0x00001482                __floatsisf
 .text          0x0000153e       0xa8 c:/winavr-20100110/bin/../lib/gcc/avr/4.3.3/avr6\libgcc.a(_sf_to_si.o)
                0x0000153e                __fixsfsi
 .text          0x000015e6       0x9e c:/winavr-20100110/bin/../lib/gcc/avr/4.3.3/avr6\libgcc.a(_clzsi2.o)
                0x000015e6                __clzsi2
 .text          0x00001684      0x1aa c:/winavr-20100110/bin/../lib/gcc/avr/4.3.3/avr6\libgcc.a(_pack_sf.o)
                0x00001684                __pack_f
 .text          0x0000182e       0xf0 c:/winavr-20100110/bin/../lib/gcc/avr/4.3.3/avr6\libgcc.a(_unpack_sf.o)
                0x0000182e                __unpack_f
 .text          0x0000191e       0xb2 c:/winavr-20100110/bin/../lib/gcc/avr/4.3.3/avr6\libgcc.a(_fpcmp_parts_sf.o)
                0x0000191e                __fpcmp_parts_f
                0x000019d0                . = ALIGN (0x2)
 *(.text.*)
 .text.main     0x000019d0       0x44 Button.o
                0x000019d0                main
 .text.libgcc   0x00001a14       0x38 c:/winavr-20100110/bin/../lib/gcc/avr/4.3.3/avr6\libgcc.a(_prologue.o)
                0x00001a14                __prologue_saves__
 .text.libgcc   0x00001a4c       0x36 c:/winavr-20100110/bin/../lib/gcc/avr/4.3.3/avr6\libgcc.a(_epilogue.o)
                0x00001a4c                __epilogue_restores__
 .text.avr-libc
                0x00001a82       0x98 c:/winavr-20100110/bin/../lib/gcc/avr/4.3.3/../../../../avr/lib/avr6\libc.a(fdevopen.o)
                0x00001a82                fdevopen
 .text.avr-libc
                0x00001b1a       0x38 c:/winavr-20100110/bin/../lib/gcc/avr/4.3.3/../../../../avr/lib/avr6\libc.a(calloc.o)
                0x00001b1a                calloc
 .text.avr-libc
                0x00001b52      0x20a c:/winavr-20100110/bin/../lib/gcc/avr/4.3.3/../../../../avr/lib/avr6\libc.a(malloc.o)
                0x00001b52                malloc
                0x00001cac                free
 .text.avr-libc
                0x00001d5c        0xe c:/winavr-20100110/bin/../lib/gcc/avr/4.3.3/../../../../avr/lib/avr6\libc.a(memset.o)
                0x00001d5c                memset
                0x00001d6a                . = ALIGN (0x2)
 *(.fini9)
 .fini9         0x00001d6a        0x0 c:/winavr-20100110/bin/../lib/gcc/avr/4.3.3/avr6\libgcc.a(_exit.o)
                0x00001d6a                exit
                0x00001d6a                _exit
 *(.fini9)
 *(.fini8)
 *(.fini8)
 *(.fini7)
 *(.fini7)
 *(.fini6)
 *(.fini6)
 *(.fini5)
 *(.fini5)
 *(.fini4)
 *(.fini4)
 *(.fini3)
 *(.fini3)
 *(.fini2)
 *(.fini2)
 *(.fini1)
 *(.fini1)
 *(.fini0)
 .fini0         0x00001d6a        0x4 c:/winavr-20100110/bin/../lib/gcc/avr/4.3.3/avr6\libgcc.a(_exit.o)
 *(.fini0)
                0x00001d6e                _etext = .

.data           0x00800200      0x116 load address 0x00001d6e
                0x00800200                PROVIDE (__data_start, .)
 *(.data)
 .data          0x00800200        0x6 Button.o
 .data          0x00800206        0x2 C:\Users\arun.sam\Downloads\Plymouth\Project files\LIB\lib\libdynamixel.a(dynamixel.o)
                0x00800206                gbCommStatus
 .data          0x00800208        0x8 c:/winavr-20100110/bin/../lib/gcc/avr/4.3.3/avr6\libgcc.a(_thenan_sf.o)
                0x00800208                __thenan_sf
 .data          0x00800210      0x100 c:/winavr-20100110/bin/../lib/gcc/avr/4.3.3/avr6\libgcc.a(_clz.o)
                0x00800210                __clz_tab
 .data          0x00800310        0x6 c:/winavr-20100110/bin/../lib/gcc/avr/4.3.3/../../../../avr/lib/avr6\libc.a(malloc.o)
                0x00800312                __malloc_heap_start
                0x00800314                __malloc_heap_end
                0x00800310                __malloc_margin
 *(.data*)
 *(.rodata)
 *(.rodata*)
 *(.gnu.linkonce.d*)
                0x00800316                . = ALIGN (0x2)
                0x00800316                _edata = .
                0x00800316                PROVIDE (__data_end, .)

.bss            0x00800316      0x284
                0x00800316                PROVIDE (__bss_start, .)
 *(.bss)
 .bss           0x00800316       0xea C:\Users\arun.sam\Downloads\Plymouth\Project files\LIB\lib\libdynamixel.a(dynamixel.o)
                0x00800316                gbInstructionPacket
                0x008003fc                gbRxPacketLength
                0x008003fd                gbRxGetLength
                0x008003fe                giBusUsing
                0x008003b6                gbStatusPacket
 .bss           0x00800400      0x102 C:\Users\arun.sam\Downloads\Plymouth\Project files\LIB\lib\libdynamixel.a(dxl_hal.o)
                0x00800501                gbDxlBufferTail
                0x00800400                gbDxlBuffer
                0x00800500                gbDxlBufferHead
 .bss           0x00800502       0x84 C:\Users\arun.sam\Downloads\Plymouth\Project files\LIB\lib\libserial.a(serial.o)
                0x00800583                gbSerialBufferTail
                0x00800582                gbSerialBufferHead
                0x00800502                gbSerialBuffer
 *(.bss*)
 *(COMMON)
 COMMON         0x00800586        0xa C:\Users\arun.sam\Downloads\Plymouth\Project files\LIB\lib\libdynamixel.a(dxl_hal.o)
                0x00800586                gwReturnDelayCountNum
                0x00800588                gfByteTransTime_us
                0x0080058c                gwTimeoutCountNum
                0x0080058e                gwCountNum
 COMMON         0x00800590        0x6 c:/winavr-20100110/bin/../lib/gcc/avr/4.3.3/../../../../avr/lib/avr6\libc.a(iob.o)
                0x00800590                __iob
 COMMON         0x00800596        0x4 c:/winavr-20100110/bin/../lib/gcc/avr/4.3.3/../../../../avr/lib/avr6\libc.a(malloc.o)
                0x00800596                __brkval
                0x00800598                __flp
                0x0080059a                PROVIDE (__bss_end, .)
                0x00001d6e                __data_load_start = LOADADDR (.data)
                0x00001e84                __data_load_end = (__data_load_start + SIZEOF (.data))

.noinit         0x0080059a        0x0
                0x0080059a                PROVIDE (__noinit_start, .)
 *(.noinit*)
                0x0080059a                PROVIDE (__noinit_end, .)
                0x0080059a                _end = .
                0x0080059a                PROVIDE (__heap_start, .)

.eeprom         0x00810000        0x0
 *(.eeprom*)
                0x00810000                __eeprom_end = .

.fuse
 *(.fuse)
 *(.lfuse)
 *(.hfuse)
 *(.efuse)

.lock
 *(.lock*)

.signature
 *(.signature*)

.stab
 *(.stab)

.stabstr
 *(.stabstr)

.stab.excl
 *(.stab.excl)

.stab.exclstr
 *(.stab.exclstr)

.stab.index
 *(.stab.index)

.stab.indexstr
 *(.stab.indexstr)

.comment
 *(.comment)

.debug
 *(.debug)

.line
 *(.line)

.debug_srcinfo
 *(.debug_srcinfo)

.debug_sfnames
 *(.debug_sfnames)

.debug_aranges  0x00000000      0x220
 *(.debug_aranges)
 .debug_aranges
                0x00000000       0x20 Button.o
 .debug_aranges
                0x00000020       0x20 C:\Users\arun.sam\Downloads\Plymouth\Project files\LIB\lib\libdynamixel.a(dynamixel.o)
 .debug_aranges
                0x00000040       0x20 C:\Users\arun.sam\Downloads\Plymouth\Project files\LIB\lib\libdynamixel.a(dxl_hal.o)
 .debug_aranges
                0x00000060       0x20 C:\Users\arun.sam\Downloads\Plymouth\Project files\LIB\lib\libserial.a(serial.o)
 .debug_aranges
                0x00000080       0x20 c:/winavr-20100110/bin/../lib/gcc/avr/4.3.3/avr6\libgcc.a(_fixunssfsi.o)
 .debug_aranges
                0x000000a0       0x20 c:/winavr-20100110/bin/../lib/gcc/avr/4.3.3/avr6\libgcc.a(_addsub_sf.o)
 .debug_aranges
                0x000000c0       0x20 c:/winavr-20100110/bin/../lib/gcc/avr/4.3.3/avr6\libgcc.a(_mul_sf.o)
 .debug_aranges
                0x000000e0       0x20 c:/winavr-20100110/bin/../lib/gcc/avr/4.3.3/avr6\libgcc.a(_div_sf.o)
 .debug_aranges
                0x00000100       0x20 c:/winavr-20100110/bin/../lib/gcc/avr/4.3.3/avr6\libgcc.a(_gt_sf.o)
 .debug_aranges
                0x00000120       0x20 c:/winavr-20100110/bin/../lib/gcc/avr/4.3.3/avr6\libgcc.a(_ge_sf.o)
 .debug_aranges
                0x00000140       0x20 c:/winavr-20100110/bin/../lib/gcc/avr/4.3.3/avr6\libgcc.a(_lt_sf.o)
 .debug_aranges
                0x00000160       0x20 c:/winavr-20100110/bin/../lib/gcc/avr/4.3.3/avr6\libgcc.a(_si_to_sf.o)
 .debug_aranges
                0x00000180       0x20 c:/winavr-20100110/bin/../lib/gcc/avr/4.3.3/avr6\libgcc.a(_sf_to_si.o)
 .debug_aranges
                0x000001a0       0x20 c:/winavr-20100110/bin/../lib/gcc/avr/4.3.3/avr6\libgcc.a(_clzsi2.o)
 .debug_aranges
                0x000001c0       0x20 c:/winavr-20100110/bin/../lib/gcc/avr/4.3.3/avr6\libgcc.a(_pack_sf.o)
 .debug_aranges
                0x000001e0       0x20 c:/winavr-20100110/bin/../lib/gcc/avr/4.3.3/avr6\libgcc.a(_unpack_sf.o)
 .debug_aranges
                0x00000200       0x20 c:/winavr-20100110/bin/../lib/gcc/avr/4.3.3/avr6\libgcc.a(_fpcmp_parts_sf.o)

.debug_pubnames
                0x00000000      0x6c6
 *(.debug_pubnames)
 .debug_pubnames
                0x00000000       0x1b Button.o
 .debug_pubnames
                0x0000001b      0x24f C:\Users\arun.sam\Downloads\Plymouth\Project files\LIB\lib\libdynamixel.a(dynamixel.o)
 .debug_pubnames
                0x0000026a      0x172 C:\Users\arun.sam\Downloads\Plymouth\Project files\LIB\lib\libdynamixel.a(dxl_hal.o)
 .debug_pubnames
                0x000003dc       0xfa C:\Users\arun.sam\Downloads\Plymouth\Project files\LIB\lib\libserial.a(serial.o)
 .debug_pubnames
                0x000004d6       0x23 c:/winavr-20100110/bin/../lib/gcc/avr/4.3.3/avr6\libgcc.a(_fixunssfsi.o)
 .debug_pubnames
                0x000004f9       0x2c c:/winavr-20100110/bin/../lib/gcc/avr/4.3.3/avr6\libgcc.a(_addsub_sf.o)
 .debug_pubnames
                0x00000525       0x1f c:/winavr-20100110/bin/../lib/gcc/avr/4.3.3/avr6\libgcc.a(_mul_sf.o)
 .debug_pubnames
                0x00000544       0x1f c:/winavr-20100110/bin/../lib/gcc/avr/4.3.3/avr6\libgcc.a(_div_sf.o)
 .debug_pubnames
                0x00000563       0x1e c:/winavr-20100110/bin/../lib/gcc/avr/4.3.3/avr6\libgcc.a(_gt_sf.o)
 .debug_pubnames
                0x00000581       0x1e c:/winavr-20100110/bin/../lib/gcc/avr/4.3.3/avr6\libgcc.a(_ge_sf.o)
 .debug_pubnames
                0x0000059f       0x1e c:/winavr-20100110/bin/../lib/gcc/avr/4.3.3/avr6\libgcc.a(_lt_sf.o)
 .debug_pubnames
                0x000005bd       0x22 c:/winavr-20100110/bin/../lib/gcc/avr/4.3.3/avr6\libgcc.a(_si_to_sf.o)
 .debug_pubnames
                0x000005df       0x20 c:/winavr-20100110/bin/../lib/gcc/avr/4.3.3/avr6\libgcc.a(_sf_to_si.o)
 .debug_pubnames
                0x000005ff       0x22 c:/winavr-20100110/bin/../lib/gcc/avr/4.3.3/avr6\libgcc.a(_thenan_sf.o)
 .debug_pubnames
                0x00000621       0x1f c:/winavr-20100110/bin/../lib/gcc/avr/4.3.3/avr6\libgcc.a(_clzsi2.o)
 .debug_pubnames
                0x00000640       0x1f c:/winavr-20100110/bin/../lib/gcc/avr/4.3.3/avr6\libgcc.a(_pack_sf.o)
 .debug_pubnames
                0x0000065f       0x21 c:/winavr-20100110/bin/../lib/gcc/avr/4.3.3/avr6\libgcc.a(_unpack_sf.o)
 .debug_pubnames
                0x00000680       0x26 c:/winavr-20100110/bin/../lib/gcc/avr/4.3.3/avr6\libgcc.a(_fpcmp_parts_sf.o)
 .debug_pubnames
                0x000006a6       0x20 c:/winavr-20100110/bin/../lib/gcc/avr/4.3.3/avr6\libgcc.a(_clz.o)

.debug_info     0x00000000     0x33bd
 *(.debug_info)
 .debug_info    0x00000000       0x86 Button.o
 .debug_info    0x00000086      0x5d9 C:\Users\arun.sam\Downloads\Plymouth\Project files\LIB\lib\libdynamixel.a(dynamixel.o)
 .debug_info    0x0000065f      0x486 C:\Users\arun.sam\Downloads\Plymouth\Project files\LIB\lib\libdynamixel.a(dxl_hal.o)
 .debug_info    0x00000ae5      0x4cc C:\Users\arun.sam\Downloads\Plymouth\Project files\LIB\lib\libserial.a(serial.o)
 .debug_info    0x00000fb1       0xb1 c:/winavr-20100110/bin/../lib/gcc/avr/4.3.3/avr6\libgcc.a(_fixunssfsi.o)
 .debug_info    0x00001062      0x47a c:/winavr-20100110/bin/../lib/gcc/avr/4.3.3/avr6\libgcc.a(_addsub_sf.o)
 .debug_info    0x000014dc      0x485 c:/winavr-20100110/bin/../lib/gcc/avr/4.3.3/avr6\libgcc.a(_mul_sf.o)
 .debug_info    0x00001961      0x3fc c:/winavr-20100110/bin/../lib/gcc/avr/4.3.3/avr6\libgcc.a(_div_sf.o)
 .debug_info    0x00001d5d      0x27f c:/winavr-20100110/bin/../lib/gcc/avr/4.3.3/avr6\libgcc.a(_gt_sf.o)
 .debug_info    0x00001fdc      0x27f c:/winavr-20100110/bin/../lib/gcc/avr/4.3.3/avr6\libgcc.a(_ge_sf.o)
 .debug_info    0x0000225b      0x27f c:/winavr-20100110/bin/../lib/gcc/avr/4.3.3/avr6\libgcc.a(_lt_sf.o)
 .debug_info    0x000024da      0x207 c:/winavr-20100110/bin/../lib/gcc/avr/4.3.3/avr6\libgcc.a(_si_to_sf.o)
 .debug_info    0x000026e1      0x2b0 c:/winavr-20100110/bin/../lib/gcc/avr/4.3.3/avr6\libgcc.a(_sf_to_si.o)
 .debug_info    0x00002991      0x12c c:/winavr-20100110/bin/../lib/gcc/avr/4.3.3/avr6\libgcc.a(_thenan_sf.o)
 .debug_info    0x00002abd      0x117 c:/winavr-20100110/bin/../lib/gcc/avr/4.3.3/avr6\libgcc.a(_clzsi2.o)
 .debug_info    0x00002bd4      0x2df c:/winavr-20100110/bin/../lib/gcc/avr/4.3.3/avr6\libgcc.a(_pack_sf.o)
 .debug_info    0x00002eb3      0x251 c:/winavr-20100110/bin/../lib/gcc/avr/4.3.3/avr6\libgcc.a(_unpack_sf.o)
 .debug_info    0x00003104      0x210 c:/winavr-20100110/bin/../lib/gcc/avr/4.3.3/avr6\libgcc.a(_fpcmp_parts_sf.o)
 .debug_info    0x00003314       0xa9 c:/winavr-20100110/bin/../lib/gcc/avr/4.3.3/avr6\libgcc.a(_clz.o)
 *(.gnu.linkonce.wi.*)

.debug_abbrev   0x00000000     0x1988
 *(.debug_abbrev)
 .debug_abbrev  0x00000000       0x50 Button.o
 .debug_abbrev  0x00000050      0x21d C:\Users\arun.sam\Downloads\Plymouth\Project files\LIB\lib\libdynamixel.a(dynamixel.o)
 .debug_abbrev  0x0000026d      0x173 C:\Users\arun.sam\Downloads\Plymouth\Project files\LIB\lib\libdynamixel.a(dxl_hal.o)
 .debug_abbrev  0x000003e0      0x231 C:\Users\arun.sam\Downloads\Plymouth\Project files\LIB\lib\libserial.a(serial.o)
 .debug_abbrev  0x00000611       0x5d c:/winavr-20100110/bin/../lib/gcc/avr/4.3.3/avr6\libgcc.a(_fixunssfsi.o)
 .debug_abbrev  0x0000066e      0x1ea c:/winavr-20100110/bin/../lib/gcc/avr/4.3.3/avr6\libgcc.a(_addsub_sf.o)
 .debug_abbrev  0x00000858      0x21b c:/winavr-20100110/bin/../lib/gcc/avr/4.3.3/avr6\libgcc.a(_mul_sf.o)
 .debug_abbrev  0x00000a73      0x216 c:/winavr-20100110/bin/../lib/gcc/avr/4.3.3/avr6\libgcc.a(_div_sf.o)
 .debug_abbrev  0x00000c89      0x15a c:/winavr-20100110/bin/../lib/gcc/avr/4.3.3/avr6\libgcc.a(_gt_sf.o)
 .debug_abbrev  0x00000de3      0x15a c:/winavr-20100110/bin/../lib/gcc/avr/4.3.3/avr6\libgcc.a(_ge_sf.o)
 .debug_abbrev  0x00000f3d      0x15a c:/winavr-20100110/bin/../lib/gcc/avr/4.3.3/avr6\libgcc.a(_lt_sf.o)
 .debug_abbrev  0x00001097      0x148 c:/winavr-20100110/bin/../lib/gcc/avr/4.3.3/avr6\libgcc.a(_si_to_sf.o)
 .debug_abbrev  0x000011df      0x17f c:/winavr-20100110/bin/../lib/gcc/avr/4.3.3/avr6\libgcc.a(_sf_to_si.o)
 .debug_abbrev  0x0000135e       0xad c:/winavr-20100110/bin/../lib/gcc/avr/4.3.3/avr6\libgcc.a(_thenan_sf.o)
 .debug_abbrev  0x0000140b       0xc4 c:/winavr-20100110/bin/../lib/gcc/avr/4.3.3/avr6\libgcc.a(_clzsi2.o)
 .debug_abbrev  0x000014cf      0x1c0 c:/winavr-20100110/bin/../lib/gcc/avr/4.3.3/avr6\libgcc.a(_pack_sf.o)
 .debug_abbrev  0x0000168f      0x154 c:/winavr-20100110/bin/../lib/gcc/avr/4.3.3/avr6\libgcc.a(_unpack_sf.o)
 .debug_abbrev  0x000017e3      0x13b c:/winavr-20100110/bin/../lib/gcc/avr/4.3.3/avr6\libgcc.a(_fpcmp_parts_sf.o)
 .debug_abbrev  0x0000191e       0x6a c:/winavr-20100110/bin/../lib/gcc/avr/4.3.3/avr6\libgcc.a(_clz.o)

.debug_line     0x00000000     0x1e72
 *(.debug_line)
 .debug_line    0x00000000       0x99 Button.o
 .debug_line    0x00000099      0x533 C:\Users\arun.sam\Downloads\Plymouth\Project files\LIB\lib\libdynamixel.a(dynamixel.o)
 .debug_line    0x000005cc      0x38e C:\Users\arun.sam\Downloads\Plymouth\Project files\LIB\lib\libdynamixel.a(dxl_hal.o)
 .debug_line    0x0000095a      0x340 C:\Users\arun.sam\Downloads\Plymouth\Project files\LIB\lib\libserial.a(serial.o)
 .debug_line    0x00000c9a       0xa7 c:/winavr-20100110/bin/../lib/gcc/avr/4.3.3/avr6\libgcc.a(_fixunssfsi.o)
 .debug_line    0x00000d41      0x2af c:/winavr-20100110/bin/../lib/gcc/avr/4.3.3/avr6\libgcc.a(_addsub_sf.o)
 .debug_line    0x00000ff0      0x239 c:/winavr-20100110/bin/../lib/gcc/avr/4.3.3/avr6\libgcc.a(_mul_sf.o)
 .debug_line    0x00001229      0x1d5 c:/winavr-20100110/bin/../lib/gcc/avr/4.3.3/avr6\libgcc.a(_div_sf.o)
 .debug_line    0x000013fe       0xd3 c:/winavr-20100110/bin/../lib/gcc/avr/4.3.3/avr6\libgcc.a(_gt_sf.o)
 .debug_line    0x000014d1       0xd3 c:/winavr-20100110/bin/../lib/gcc/avr/4.3.3/avr6\libgcc.a(_ge_sf.o)
 .debug_line    0x000015a4       0xd3 c:/winavr-20100110/bin/../lib/gcc/avr/4.3.3/avr6\libgcc.a(_lt_sf.o)
 .debug_line    0x00001677      0x135 c:/winavr-20100110/bin/../lib/gcc/avr/4.3.3/avr6\libgcc.a(_si_to_sf.o)
 .debug_line    0x000017ac      0x109 c:/winavr-20100110/bin/../lib/gcc/avr/4.3.3/avr6\libgcc.a(_sf_to_si.o)
 .debug_line    0x000018b5       0x90 c:/winavr-20100110/bin/../lib/gcc/avr/4.3.3/avr6\libgcc.a(_thenan_sf.o)
 .debug_line    0x00001945       0xa5 c:/winavr-20100110/bin/../lib/gcc/avr/4.3.3/avr6\libgcc.a(_clzsi2.o)
 .debug_line    0x000019ea      0x18a c:/winavr-20100110/bin/../lib/gcc/avr/4.3.3/avr6\libgcc.a(_pack_sf.o)
 .debug_line    0x00001b74      0x14b c:/winavr-20100110/bin/../lib/gcc/avr/4.3.3/avr6\libgcc.a(_unpack_sf.o)
 .debug_line    0x00001cbf      0x137 c:/winavr-20100110/bin/../lib/gcc/avr/4.3.3/avr6\libgcc.a(_fpcmp_parts_sf.o)
 .debug_line    0x00001df6       0x7c c:/winavr-20100110/bin/../lib/gcc/avr/4.3.3/avr6\libgcc.a(_clz.o)

.debug_frame    0x00000000      0x4a0
 *(.debug_frame)
 .debug_frame   0x00000000       0x20 Button.o
 .debug_frame   0x00000020      0x160 C:\Users\arun.sam\Downloads\Plymouth\Project files\LIB\lib\libdynamixel.a(dynamixel.o)
 .debug_frame   0x00000180       0xc0 C:\Users\arun.sam\Downloads\Plymouth\Project files\LIB\lib\libdynamixel.a(dxl_hal.o)
 .debug_frame   0x00000240       0xa0 C:\Users\arun.sam\Downloads\Plymouth\Project files\LIB\lib\libserial.a(serial.o)
 .debug_frame   0x000002e0       0x20 c:/winavr-20100110/bin/../lib/gcc/avr/4.3.3/avr6\libgcc.a(_fixunssfsi.o)
 .debug_frame   0x00000300       0x40 c:/winavr-20100110/bin/../lib/gcc/avr/4.3.3/avr6\libgcc.a(_addsub_sf.o)
 .debug_frame   0x00000340       0x20 c:/winavr-20100110/bin/../lib/gcc/avr/4.3.3/avr6\libgcc.a(_mul_sf.o)
 .debug_frame   0x00000360       0x20 c:/winavr-20100110/bin/../lib/gcc/avr/4.3.3/avr6\libgcc.a(_div_sf.o)
 .debug_frame   0x00000380       0x20 c:/winavr-20100110/bin/../lib/gcc/avr/4.3.3/avr6\libgcc.a(_gt_sf.o)
 .debug_frame   0x000003a0       0x20 c:/winavr-20100110/bin/../lib/gcc/avr/4.3.3/avr6\libgcc.a(_ge_sf.o)
 .debug_frame   0x000003c0       0x20 c:/winavr-20100110/bin/../lib/gcc/avr/4.3.3/avr6\libgcc.a(_lt_sf.o)
 .debug_frame   0x000003e0       0x20 c:/winavr-20100110/bin/../lib/gcc/avr/4.3.3/avr6\libgcc.a(_si_to_sf.o)
 .debug_frame   0x00000400       0x20 c:/winavr-20100110/bin/../lib/gcc/avr/4.3.3/avr6\libgcc.a(_sf_to_si.o)
 .debug_frame   0x00000420       0x20 c:/winavr-20100110/bin/../lib/gcc/avr/4.3.3/avr6\libgcc.a(_clzsi2.o)
 .debug_frame   0x00000440       0x20 c:/winavr-20100110/bin/../lib/gcc/avr/4.3.3/avr6\libgcc.a(_pack_sf.o)
 .debug_frame   0x00000460       0x20 c:/winavr-20100110/bin/../lib/gcc/avr/4.3.3/avr6\libgcc.a(_unpack_sf.o)
 .debug_frame   0x00000480       0x20 c:/winavr-20100110/bin/../lib/gcc/avr/4.3.3/avr6\libgcc.a(_fpcmp_parts_sf.o)

.debug_str      0x00000000      0x8a1
 *(.debug_str)
 .debug_str     0x00000000       0xa0 Button.o
                                 0xdf (size before relaxing)
 .debug_str     0x000000a0      0x26f C:\Users\arun.sam\Downloads\Plymouth\Project files\LIB\lib\libdynamixel.a(dynamixel.o)
                                0x2c2 (size before relaxing)
 .debug_str     0x0000030f      0x1c4 C:\Users\arun.sam\Downloads\Plymouth\Project files\LIB\lib\libdynamixel.a(dxl_hal.o)
                                0x29d (size before relaxing)
 .debug_str     0x000004d3      0x12a C:\Users\arun.sam\Downloads\Plymouth\Project files\LIB\lib\libserial.a(serial.o)
                                0x1c6 (size before relaxing)
 .debug_str     0x000005fd       0x80 c:/winavr-20100110/bin/../lib/gcc/avr/4.3.3/avr6\libgcc.a(_fixunssfsi.o)
                                 0xfe (size before relaxing)
 .debug_str     0x0000067d      0x13d c:/winavr-20100110/bin/../lib/gcc/avr/4.3.3/avr6\libgcc.a(_addsub_sf.o)
                                0x206 (size before relaxing)
 .debug_str     0x000007ba       0x27 c:/winavr-20100110/bin/../lib/gcc/avr/4.3.3/avr6\libgcc.a(_mul_sf.o)
                                0x1bf (size before relaxing)
 .debug_str     0x000007e1       0x35 c:/winavr-20100110/bin/../lib/gcc/avr/4.3.3/avr6\libgcc.a(_div_sf.o)
                                0x1c8 (size before relaxing)
 .debug_str     0x00000816        0x8 c:/winavr-20100110/bin/../lib/gcc/avr/4.3.3/avr6\libgcc.a(_gt_sf.o)
                                0x195 (size before relaxing)
 .debug_str     0x0000081e        0x8 c:/winavr-20100110/bin/../lib/gcc/avr/4.3.3/avr6\libgcc.a(_ge_sf.o)
                                0x195 (size before relaxing)
 .debug_str     0x00000826        0x8 c:/winavr-20100110/bin/../lib/gcc/avr/4.3.3/avr6\libgcc.a(_lt_sf.o)
                                0x195 (size before relaxing)
 .debug_str     0x0000082e       0x1e c:/winavr-20100110/bin/../lib/gcc/avr/4.3.3/avr6\libgcc.a(_si_to_sf.o)
                                0x17b (size before relaxing)
 .debug_str     0x0000084c        0xa c:/winavr-20100110/bin/../lib/gcc/avr/4.3.3/avr6\libgcc.a(_sf_to_si.o)
                                0x19e (size before relaxing)
 .debug_str     0x00000000      0x103 c:/winavr-20100110/bin/../lib/gcc/avr/4.3.3/avr6\libgcc.a(_thenan_sf.o)
 .debug_str     0x00000856       0x20 c:/winavr-20100110/bin/../lib/gcc/avr/4.3.3/avr6\libgcc.a(_clzsi2.o)
                                0x111 (size before relaxing)
 .debug_str     0x00000876       0x10 c:/winavr-20100110/bin/../lib/gcc/avr/4.3.3/avr6\libgcc.a(_pack_sf.o)
                                0x19d (size before relaxing)
 .debug_str     0x00000886        0xb c:/winavr-20100110/bin/../lib/gcc/avr/4.3.3/avr6\libgcc.a(_unpack_sf.o)
                                0x17f (size before relaxing)
 .debug_str     0x00000891       0x10 c:/winavr-20100110/bin/../lib/gcc/avr/4.3.3/avr6\libgcc.a(_fpcmp_parts_sf.o)
                                0x163 (size before relaxing)
 .debug_str     0x00000000       0xf4 c:/winavr-20100110/bin/../lib/gcc/avr/4.3.3/avr6\libgcc.a(_clz.o)

.debug_loc      0x00000000     0x11a9
 *(.debug_loc)
 .debug_loc     0x00000000      0x358 C:\Users\arun.sam\Downloads\Plymouth\Project files\LIB\lib\libdynamixel.a(dynamixel.o)
 .debug_loc     0x00000358      0x29e C:\Users\arun.sam\Downloads\Plymouth\Project files\LIB\lib\libdynamixel.a(dxl_hal.o)
 .debug_loc     0x000005f6      0x1e5 C:\Users\arun.sam\Downloads\Plymouth\Project files\LIB\lib\libserial.a(serial.o)
 .debug_loc     0x000007db       0x34 c:/winavr-20100110/bin/../lib/gcc/avr/4.3.3/avr6\libgcc.a(_fixunssfsi.o)
 .debug_loc     0x0000080f      0x32a c:/winavr-20100110/bin/../lib/gcc/avr/4.3.3/avr6\libgcc.a(_addsub_sf.o)
 .debug_loc     0x00000b39      0x104 c:/winavr-20100110/bin/../lib/gcc/avr/4.3.3/avr6\libgcc.a(_mul_sf.o)
 .debug_loc     0x00000c3d       0xc0 c:/winavr-20100110/bin/../lib/gcc/avr/4.3.3/avr6\libgcc.a(_div_sf.o)
 .debug_loc     0x00000cfd       0x3c c:/winavr-20100110/bin/../lib/gcc/avr/4.3.3/avr6\libgcc.a(_gt_sf.o)
 .debug_loc     0x00000d39       0x3c c:/winavr-20100110/bin/../lib/gcc/avr/4.3.3/avr6\libgcc.a(_ge_sf.o)
 .debug_loc     0x00000d75       0x3c c:/winavr-20100110/bin/../lib/gcc/avr/4.3.3/avr6\libgcc.a(_lt_sf.o)
 .debug_loc     0x00000db1       0xac c:/winavr-20100110/bin/../lib/gcc/avr/4.3.3/avr6\libgcc.a(_si_to_sf.o)
 .debug_loc     0x00000e5d       0x7e c:/winavr-20100110/bin/../lib/gcc/avr/4.3.3/avr6\libgcc.a(_sf_to_si.o)
 .debug_loc     0x00000edb       0x94 c:/winavr-20100110/bin/../lib/gcc/avr/4.3.3/avr6\libgcc.a(_clzsi2.o)
 .debug_loc     0x00000f6f      0x13e c:/winavr-20100110/bin/../lib/gcc/avr/4.3.3/avr6\libgcc.a(_pack_sf.o)
 .debug_loc     0x000010ad       0xac c:/winavr-20100110/bin/../lib/gcc/avr/4.3.3/avr6\libgcc.a(_unpack_sf.o)
 .debug_loc     0x00001159       0x50 c:/winavr-20100110/bin/../lib/gcc/avr/4.3.3/avr6\libgcc.a(_fpcmp_parts_sf.o)

.debug_macinfo
 *(.debug_macinfo)
OUTPUT(Button.elf elf32-avr)
LOAD linker stubs

.debug_ranges   0x00000000       0x68
 .debug_ranges  0x00000000       0x18 Button.o
 .debug_ranges  0x00000018       0x50 c:/winavr-20100110/bin/../lib/gcc/avr/4.3.3/avr6\libgcc.a(_mul_sf.o)
